VBCSCompilerPreWarmer: pre-warm launched (dotnet PID 6376)
VBCSCompiler prewarm took 16.42 ms
[Licensing::Module] Trying to connect to existing licensing client channel...
Built from '6000.6/respin/6000.6.0f1-fa21a270ab12' branch; Version is '6000.6.0f1 (f7f8ed4d1e24) revision 16251117'; Using compiler version '194234433'; Build Type 'Release'
[Licensing::IpcConnector] Successfully connected to: "LicenseClient-cesar" at "2026-09-29T00:47:56.3699978Z"
OS: 'Windows 11  (10.0.26200) Core' Language: 'es' Physical Memory: 7987 MB
BatchMode: 0, IsHumanControllingUs: 1, StartBugReporterOnCrash: 1, Is64bit: 1
System  architecture: x64
Process architecture: x64
Date: 2026-09-29T00:47:56Z

COMMAND LINE ARGUMENTS:
C:\Program Files\Unity\Hub\Editor\6000.6.0f1\Editor\Unity.exe
-projectpath
C:\Users\cesar\Downloads\prueba\prueba
-acceptSoftwareTermsForThisRunOnly
-useHub
-hubIPC
-cloudEnvironment
production
-licensingIpc
LicenseClient-cesar
-hubSessionId
4ea4284c-3e85-49d9-9373-6d01d774c0e0
-accessToken
KX64UgjO7_QzZL7aKbiYXtf2R9vJBk8rJMbLep3RzEs004f
Successfully changed project path to: C:\Users\cesar\Downloads\prueba\prueba
C:/Users/cesar/Downloads/prueba/prueba
[UnityMemory] Configuration Parameters - Can be set up in boot.config
    "memorysetup-temp-allocator-size-gi-baking-worker=262144"
    "memorysetup-temp-allocator-size-gi-baking-worker=262144"
    "memorysetup-temp-allocator-size-gi-baking-worker=262144"
    "memorysetup-temp-allocator-size-gi-baking-worker=262144"
    "memorysetup-temp-allocator-size-gi-baking-worker=262144"
    "memorysetup-temp-allocator-size-nav-mesh-worker=65536"
    "memorysetup-temp-allocator-size-audio-worker=65536"
    "memorysetup-temp-allocator-size-cloud-worker=32768"
    "memorysetup-temp-allocator-size-gfx=262144"
    "memorysetup-remapper-allocator-initial-capacity=32768"
    "memorysetup-temp-allocator-size-preload-manager=33554432"
    "memorysetup-allocator-temp-initial-block-size-main=262144"
    "memorysetup-allocator-temp-initial-block-size-worker=262144"
    "memorysetup-temp-allocator-size-job-worker=262144"
    "memorysetup-temp-allocator-size-background-worker=32768"
    "memorysetup-bucket-allocator-granularity=16"
    "memorysetup-bucket-allocator-bucket-count=8"
    "memorysetup-bucket-allocator-block-size=33554432"
    "memorysetup-bucket-allocator-block-count=8"
    "memorysetup-main-allocator-block-size=16777216"
    "memorysetup-thread-allocator-block-size=16777216"
    "memorysetup-main-allocator-mimalloc-enabled=1"
    "memorysetup-gfx-main-allocator-block-size=16777216"
    "memorysetup-gfx-thread-allocator-block-size=16777216"
    "memorysetup-cache-allocator-block-size=4194304"
    "memorysetup-typetree-allocator-block-size=2097152"
    "memorysetup-profiler-bucket-allocator-granularity=16"
    "memorysetup-profiler-bucket-allocator-bucket-count=8"
    "memorysetup-profiler-bucket-allocator-block-size=33554432"
    "memorysetup-profiler-bucket-allocator-block-count=8"
    "memorysetup-profiler-allocator-block-size=16777216"
    "memorysetup-profiler-editor-allocator-block-size=1048576"
    "memorysetup-temp-allocator-size-main=16777216"
    "memorysetup-job-temp-allocator-block-size=2097152"
    "memorysetup-job-temp-allocator-block-size-background=1048576"
    "memorysetup-job-temp-allocator-reduction-small-platforms=262144"
[Licensing::Client] Code 10 while verifying Licensing Client signature (process Id: 13824, path: "C:/Program Files/Unity Hub/UnityLicensingClient_V1/Unity.Licensing.Client.exe")
[Licensing::Module] LicensingClient has failed validation; ignoring
[Licensing::Client] Handshaking with LicensingClient:
  Version:                 1.18.3+d7ffd15
  Session Id:              da338f2e1d614195a60831b0091cf8c0
  Correlation Id:          1d920a9eaa700c49ec3e9853f6c27d5a
  External correlation Id: 5782727820611516474
  Machine Id:              C0Et0aSGtOCL8N8gCi0jUMNgrlk=
[Licensing::Module] Successfully connected to LicensingClient on channel: "LicenseClient-cesar" (connect: 0.00s, validation: 0.01s, handshake: 0.15s)
[Licensing::IpcConnector] Successfully connected to: "LicenseClient-cesar-notifications" at "2026-09-29T00:47:56.5301032Z"
Player connection [16556]  Target information:

Player connection [16556]  * "[IP] 192.168.0.234 [Port] 55504 [Flags] 2 [Guid] 171256390 [EditorId] 171256390 [Version] 1048832 [Id] WindowsEditor(7,Garay) [Debug] 1 [PackageName] WindowsEditor [ProjectName] Editor" 

Player connection [16556] Host joined multi-casting on [225.0.0.222:54997]...
Player connection [16556] Host joined alternative multi-casting on [225.0.0.222:34997]...
Input System module state changed to: Initialized.
[Physics::Module] Initialized fallback backend.
[Physics::Module] Id: 0xdecafbad
[Licensing::Client] Successfully updated the access token
[Licensing::Module] Successfully updated the access token KX64UgjO7_...
[Licensing::Client] Successfully resolved entitlement details
[Licensing::Module] License group:
  Id: 4674246659128-UnityPersXXXX
  Product: Unity Personal
  Type: Assigned
  Expiration: Unlimited
[Licensing::Client] Successfully updated license, isAsync: True, time: 0.01
[Licensing::Client] Successfully resolved entitlement details
[Licensing::Module] Licensing Background thread has ended after 0.26s
[Package Manager] Connected to IPC stream "Upm-16444" after 0.6 seconds.
[Licensing::Client] Successfully resolved entitlement details
Library Redirect Path: Library/
Initialising UDS system complete:
  - System type: Client
  - Resource namespace: a96166afb1732335ba6e4ad9b89dc3b7
  - Shared memory size: 1073741824
  - Command buffer id: 1052576
  - Command buffer size: 8192
  - Hashmap size: 4194304
  - Service connected: false
Launching Unity Data Store - C:/Program Files/Unity/Hub/Editor/6000.6.0f1/Editor/Data/Tools/Unity.DataStore.exe 
Unity Data Store artifact dir = Library/DataStore, working dir = C:/Users/cesar/Downloads/prueba/prueba[Physics::Module] Selected backend.
[Physics::Module] Name: PhysX
[Physics::Module] Id: 0xf2b8ea05
[Physics::Module] SDK Version: 4.1.2
[Physics::Module] Integration Version: 1.0.0
[Physics::Module] Threading Mode: Multi-Threaded
Unity Data Store running and initialised
Initialize engine version: 6000.6.0f1 (f7f8ed4d1e24)
[EntityIdStore] init: VM path (explicit commit), pageSize=4096, blockCount=1048576, entitiesPerBlock=256, slots reserved=4294967296 bytes
[Subsystems] Discovering subsystems at path C:/Program Files/Unity/Hub/Editor/6000.6.0f1/Editor/Data/Resources/UnitySubsystems
[Subsystems] Discovering subsystems at path C:/Users/cesar/Downloads/prueba/prueba/Assets
[D3D12 Device Filter] Vendor Name: Intel
[D3D12 Device Filter] Device Name: Intel(R) Iris(R) Xe Graphics
[D3D12 Device Filter] Driver Version: 32.0.101.7088
[D3D12 Device Filter] Feature Level: 12.1
[D3D12 Device Filter] Graphics Memory: 3993 MB
[D3D12 Device Filter] Processor Count: 8
[D3D12 Device Filter] Device Type: Integrated
[D3D12 Device Filter] D3D12 API denied by user filter: {"Vendor": "Intel", "Device Type:": Integrated}
GfxDevice: creating device client; kGfxThreadingModeThreaded
Direct3D:
    Version:  Direct3D 11.0 [level 11.1]
    Renderer: Intel(R) Iris(R) Xe Graphics (ID=0x9a49)
    Vendor:   Intel
    VRAM:     3993 MB
    Driver:   32.0.101.7088
Initialize mono
Mono path[0] = 'C:/Program Files/Unity/Hub/Editor/6000.6.0f1/Editor/Data/Managed'
Mono path[1] = 'C:/Program Files/Unity/Hub/Editor/6000.6.0f1/Editor/Data/BCLExtensions/runtime/netstandard2.1'
Mono path[2] = 'C:/Program Files/Unity/Hub/Editor/6000.6.0f1/Editor/Data/MonoBleedingEdge/lib/mono/unityjit-win32'
Mono config path = 'C:/Program Files/Unity/Hub/Editor/6000.6.0f1/Editor/Data/MonoBleedingEdge/etc'
Using monoOptions --debugger-agent=transport=dt_socket,embedding=1,server=y,suspend=n,address=127.0.0.1:56444
CodeReloadManager initialized
ImportWorker Server TCP listen port: 0
AcceleratorClientConnectionCallback - disconnected - :0
Begin MonoManager ReloadAssembly
Registering precompiled unity dll's ...
Register platform support module: C:/Program Files/Unity/Hub/Editor/6000.6.0f1/Editor/Data/PlaybackEngines/WindowsStandaloneSupport/UnityEditor.WindowsStandalone.Extensions.dll
Registered in 0.004084 seconds.
Native extension for WindowsStandalone target not found
Package Manager log level set to [2]
ScheduleIndexationOnStartup MainProcess:False IndexOnStartup:True
Scripting: successfully reloaded assembly
- Finished resetting the current domain, in  2.039 seconds
Domain Reload Profiling: 3752ms
	BeginReloadAssembly (386ms)
		CreateAndSetChildDomain (11ms)
	RebuildCommonClasses (14ms)
	RebuildNativeTypeToScriptingClass (47ms)
	initialDomainReloadingComplete (174ms)
	LoadAllAssembliesAndSetupDomain (1088ms)
		LoadAssemblies (367ms)
		TypeCache.Refresh (795ms)
			TypeCache.ScanAssembly (751ms)
		AnalyzeDomain (2ms)
	FinalizeReload (2043ms)
		SetupLoadedEditorAssemblies (0ms)
			LogAssemblyErrors (4ms)
			InitializePlatformSupportModulesInManaged (5ms)
			BeforeProcessingInitializeOnLoad (292ms)
			ProcessInitializeOnLoadAttributes (267ms)
			ProcessInitializeOnLoadMethodAttributes (779ms)
			EditorAssembliesLoaded (3ms)
[Licensing::Client] Successfully resolved entitlement details
Application.AssetDatabase Initial Refresh Start
[Package Manager] Restoring resolved packages state from cache
[Licensing::Client] Successfully resolved entitlement details
[Package Manager] Registered 42 packages:
  Packages from [https://packages.unity.com]:
    com.unity.ide.rider@3.0.38 (location: C:\Users\cesar\Downloads\prueba\prueba\Library\PackageCache\com.unity.ide.rider@1f60b3138684)
    com.unity.ide.visualstudio@2.0.26 (location: C:\Users\cesar\Downloads\prueba\prueba\Library\PackageCache\com.unity.ide.visualstudio@a99d56dec63f)
  Built-in packages:
    com.unity.modules.accessibility@1.0.0 (location: C:\Users\cesar\Downloads\prueba\prueba\Library\PackageCache\com.unity.modules.accessibility)
    com.unity.modules.adaptiveperformance@1.0.0 (location: C:\Users\cesar\Downloads\prueba\prueba\Library\PackageCache\com.unity.modules.adaptiveperformance)
    com.unity.modules.ai@1.0.0 (location: C:\Users\cesar\Downloads\prueba\prueba\Library\PackageCache\com.unity.modules.ai)
    com.unity.modules.androidjni@1.0.0 (location: C:\Users\cesar\Downloads\prueba\prueba\Library\PackageCache\com.unity.modules.androidjni)
    com.unity.modules.animation@1.0.0 (location: C:\Users\cesar\Downloads\prueba\prueba\Library\PackageCache\com.unity.modules.animation)
    com.unity.modules.assetbundle@1.0.0 (location: C:\Users\cesar\Downloads\prueba\prueba\Library\PackageCache\com.unity.modules.assetbundle)
    com.unity.modules.audio@1.0.0 (location: C:\Users\cesar\Downloads\prueba\prueba\Library\PackageCache\com.unity.modules.audio)
    com.unity.modules.cloth@1.0.0 (location: C:\Users\cesar\Downloads\prueba\prueba\Library\PackageCache\com.unity.modules.cloth)
    com.unity.modules.director@1.0.0 (location: C:\Users\cesar\Downloads\prueba\prueba\Library\PackageCache\com.unity.modules.director)
    com.unity.modules.imageconversion@1.0.0 (location: C:\Users\cesar\Downloads\prueba\prueba\Library\PackageCache\com.unity.modules.imageconversion)
    com.unity.modules.imgui@1.0.0 (location: C:\Users\cesar\Downloads\prueba\prueba\Library\PackageCache\com.unity.modules.imgui)
    com.unity.modules.jsonserialize@1.0.0 (location: C:\Users\cesar\Downloads\prueba\prueba\Library\PackageCache\com.unity.modules.jsonserialize)
    com.unity.modules.particlesystem@1.0.0 (location: C:\Users\cesar\Downloads\prueba\prueba\Library\PackageCache\com.unity.modules.particlesystem)
    com.unity.modules.physics@1.0.0 (location: C:\Users\cesar\Downloads\prueba\prueba\Library\PackageCache\com.unity.modules.physics)
    com.unity.modules.physics2d@1.0.0 (location: C:\Users\cesar\Downloads\prueba\prueba\Library\PackageCache\com.unity.modules.physics2d)
    com.unity.modules.physicscore2d@1.0.0 (location: C:\Users\cesar\Downloads\prueba\prueba\Library\PackageCache\com.unity.modules.physicscore2d)
    com.unity.modules.screencapture@1.0.0 (location: C:\Users\cesar\Downloads\prueba\prueba\Library\PackageCache\com.unity.modules.screencapture)
    com.unity.modules.terrain@1.0.0 (location: C:\Users\cesar\Downloads\prueba\prueba\Library\PackageCache\com.unity.modules.terrain)
    com.unity.modules.terrainphysics@1.0.0 (location: C:\Users\cesar\Downloads\prueba\prueba\Library\PackageCache\com.unity.modules.terrainphysics)
    com.unity.modules.tetgen@1.0.0 (location: C:\Users\cesar\Downloads\prueba\prueba\Library\PackageCache\com.unity.modules.tetgen)
    com.unity.modules.tilemap@1.0.0 (location: C:\Users\cesar\Downloads\prueba\prueba\Library\PackageCache\com.unity.modules.tilemap)
    com.unity.modules.timelinefoundation@1.0.0 (location: C:\Users\cesar\Downloads\prueba\prueba\Library\PackageCache\com.unity.modules.timelinefoundation)
    com.unity.modules.ui@1.0.0 (location: C:\Users\cesar\Downloads\prueba\prueba\Library\PackageCache\com.unity.modules.ui)
    com.unity.modules.uielements@1.0.0 (location: C:\Users\cesar\Downloads\prueba\prueba\Library\PackageCache\com.unity.modules.uielements)
    com.unity.modules.umbra@1.0.0 (location: C:\Users\cesar\Downloads\prueba\prueba\Library\PackageCache\com.unity.modules.umbra)
    com.unity.modules.unityanalytics@1.0.0 (location: C:\Users\cesar\Downloads\prueba\prueba\Library\PackageCache\com.unity.modules.unityanalytics)
    com.unity.modules.unitywebrequest@1.0.0 (location: C:\Users\cesar\Downloads\prueba\prueba\Library\PackageCache\com.unity.modules.unitywebrequest)
    com.unity.modules.unitywebrequestassetbundle@1.0.0 (location: C:\Users\cesar\Downloads\prueba\prueba\Library\PackageCache\com.unity.modules.unitywebrequestassetbundle)
    com.unity.modules.unitywebrequestaudio@1.0.0 (location: C:\Users\cesar\Downloads\prueba\prueba\Library\PackageCache\com.unity.modules.unitywebrequestaudio)
    com.unity.modules.unitywebrequesttexture@1.0.0 (location: C:\Users\cesar\Downloads\prueba\prueba\Library\PackageCache\com.unity.modules.unitywebrequesttexture)
    com.unity.modules.unitywebrequestwww@1.0.0 (location: C:\Users\cesar\Downloads\prueba\prueba\Library\PackageCache\com.unity.modules.unitywebrequestwww)
    com.unity.modules.vectorgraphics@1.0.0 (location: C:\Users\cesar\Downloads\prueba\prueba\Library\PackageCache\com.unity.modules.vectorgraphics)
    com.unity.modules.vehicles@1.0.0 (location: C:\Users\cesar\Downloads\prueba\prueba\Library\PackageCache\com.unity.modules.vehicles)
    com.unity.modules.video@1.0.0 (location: C:\Users\cesar\Downloads\prueba\prueba\Library\PackageCache\com.unity.modules.video)
    com.unity.modules.wind@1.0.0 (location: C:\Users\cesar\Downloads\prueba\prueba\Library\PackageCache\com.unity.modules.wind)
    com.unity.modules.xr@1.0.0 (location: C:\Users\cesar\Downloads\prueba\prueba\Library\PackageCache\com.unity.modules.xr)
    com.unity.modules.subsystems@1.0.0 (location: C:\Users\cesar\Downloads\prueba\prueba\Library\PackageCache\com.unity.modules.subsystems)
    com.unity.modules.hierarchycore@1.0.0 (location: C:\Users\cesar\Downloads\prueba\prueba\Library\PackageCache\com.unity.modules.hierarchycore)
    com.unity.test-framework@1.8.0 (location: C:\Users\cesar\Downloads\prueba\prueba\Library\PackageCache\com.unity.test-framework@7a3849e09bd0)
    com.unity.ext.nunit@2.1.0 (location: C:\Users\cesar\Downloads\prueba\prueba\Library\PackageCache\com.unity.ext.nunit@0198eae3b53e)
[Subsystems] No new subsystems found in resolved package list.
[Package Manager] Done registering packages in 0.02 seconds
Starting: C:\Program Files\Unity\Hub\Editor\6000.6.0f1\Editor\Data\Tools\BuildPipeline\bee_backend.exe --ipc --defer-dag-verification --dagfile="Library/Bee/1900b0aE.dag" --continue-on-failure --profile="Library/Bee/backend1.traceevents" ScriptAssemblies
WorkingDir: C:/Users/cesar/Downloads/prueba/prueba
ExitCode: 0 Duration: 0s602ms
[192/199    0s] ILPP-Configuration Library/ilpp-configuration.nevergeneratedoutput
*** Tundra build success (0.52 seconds), 1 items updated, 199 evaluated
AssetDatabase: script compilation time: 1.581225s
Begin MonoManager ReloadAssembly
Native extension for WindowsStandalone target not found
ScheduleIndexationOnStartup MainProcess:True IndexOnStartup:True
Scripting: successfully reloaded assembly
- Finished resetting the current domain, in  1.155 seconds
Domain Reload Profiling: 2443ms
	BeginReloadAssembly (678ms)
		DisableScriptedObjects (75ms)
		CreateAndSetChildDomain (196ms)
	RebuildCommonClasses (20ms)
	RebuildNativeTypeToScriptingClass (45ms)
	initialDomainReloadingComplete (87ms)
	LoadAllAssembliesAndSetupDomain (456ms)
		LoadAssemblies (417ms)
		TypeCache.Refresh (33ms)
			TypeCache.ScanAssembly (21ms)
		AnalyzeDomain (17ms)
			BuildScriptInfoCaches (14ms)
	FinalizeReload (1158ms)
		SetupLoadedEditorAssemblies (0ms)
			InitializePlatformSupportModulesInManaged (4ms)
			BeforeProcessingInitializeOnLoad (220ms)
			ProcessInitializeOnLoadAttributes (296ms)
			ProcessInitializeOnLoadMethodAttributes (110ms)
			AfterProcessingInitializeOnLoad (17ms)
		AwakeInstancesAfterBackupRestoration (75ms)
Starting new worker id: 0 with log in C:/Users/cesar/Downloads/prueba/prueba/Logs/AssetImportWorkerHW0.log

Asset Pipeline Refresh (id=c1853430eeca21d4aab76a014ca5f6fd): Total: 4.594 seconds - Initiated by InitialRefreshV2(ForceSynchronousImport)
	(Values over 0.05ms)
	Summary:
		Imports: total=0 (actual=0, local cache=0, cache server=0)
		Asset DB Process Time: managed=0 ms, native=1507 ms
		Asset DB Callback time: managed=73 ms, native=24 ms
		Scripting: domain reloads=1, domain reload time=1372 ms, compile time=1587 ms, other=27 ms
		Project Asset Count: scripts=169, non-scripts=61
		Asset File Changes: new=0, changed=0, moved=0, deleted=0
		Scan Filter Count: 0
	InvokePackagesCallback: 27.741ms
	ApplyChangesToAssetFolders: 1.080ms
	Scan: 56.864ms
	Collect global state as custom dependencies: 32.172ms
	CategorizeScriptCompilationAssets: 16.704ms
	ProcessAssetsWithTransientArtifactChanges: 11.180ms
	CategorizeAssets: 3.059ms
	CompileScripts: 1587.239ms
	ImportOutOfDateAssets: 1179.401ms (1159.513ms without children)
		UnloadImportedAssets: 0.166ms
		EnsureUptoDateAssetsAreRegisteredWithGuidPM: 0.083ms
		ImportSchedulerStart: 19.634ms
	PostProcessAllAssets: 73.244ms
		MonoPostProcessAllAssets: 73.145ms
			SyncVS.PostprocessSyncProject 27.506ms
			WindowAssetPostprocessingWatcher.OnPostprocessAllAssets 19.967ms
			EditModeScopePostprocessor.OnPostprocessAllAssets 2.159ms
			SpeedTree9Postprocessor.OnPostprocessAllAssets 1.848ms
			ReferencedClipsPostProcessor.OnPostprocessAllAssets 0.681ms
			TerrainToolbarOverlayPostProcessor.OnPostprocessAllAssets 0.503ms
			AssetDatabaseCallbacks.OnPostprocessAllAssets 0.440ms
			RenderPipelineGlobalSettingsPostprocessor.OnPostprocessAllAssets 0.191ms
	UnloadStreamsBegin: 3.619ms
	Untracked: 1580.388ms

Application.AssetDatabase Initial Refresh End
Launched and connected shader compiler UnityShaderCompiler.exe after 0.06 seconds
Scanning for USB devices : 1.924ms
Initializing Unity extensions:
[MODES] ModeService[none].Initialize
[MODES] ModeService[none].LoadModes
[MODES] Loading mode Default (0) for mode-current-id-prueba
Unloading 3 Unused Serialized files (Serialized files now loaded: 0)
Unloading 497 unused Assets / (0.6 MB). Loaded Objects now: 1231.
Memory consumption went from 241.1 MB to 240.5 MB.
Total: 12.195300 ms (FindLiveObjects: 0.358100 ms CreateObjectMapping: 0.064100 ms MarkObjects: 10.739700 ms  DeleteObjects: 0.718900 ms)

[LAYOUT] About to load UserSettings\Layouts\default-6000.dwlt, keepMainWindow=False
[LAYOUT] About to save layout C:\Users\cesar\Downloads\prueba\prueba\UserSettings\Layouts\default-6000.dwlt
[LAYOUT] About to save layout C:/Users/cesar/AppData/Roaming/Unity/Editor-5.x/Preferences\Layouts\current\default-6000.dwlt
[MODES] ModeService[default].InitializeCurrentMode
[MODES] ModeService[default].RaiseModeChanged(default, default)
This project uses Input Manager, which is marked for deprecation. To manage input in your project, use the <a href="https://docs.unity3d.com/Packages/com.unity.inputsystem@latest">Input System package</a> instead.
<RI> Initializing input.
<RI> Input initialized.
[Project] Loading completed in 13.443 seconds
	Project init time: 				10.764 seconds
		Template init time: 		0.000 seconds
		Package Manager init time: 		0.639 seconds
		Asset Database init time: 		0.331 seconds
		Global illumination init time: 	0.004 seconds
		Assemblies load time: 			3.963 seconds
		Unity extensions init time: 	0.006 seconds
		Asset Database refresh time: 	4.594 seconds
	Scene opening time: 			2.476 seconds
##utp:{"type":"ProjectInfo","version":2,"phase":"Immediate","time":1790642889780,"processId":16444,"projectLoad":13.443413499999998,"projectInit":10.76439,"templateInit":0.0,"packageManagerInit":0.6385091,"assetDatabaseInit":0.331103,"globalIlluminationInit":0.0042965,"assembliesLoad":3.9627042,"unityExtensionsInit":0.0060171,"assetDatabaseRefresh":4.5944647,"sceneOpening":2.4756252}
##utp:{"type":"EditorInfo","version":2,"phase":"Immediate","time":1790642889780,"processId":16444,"editorVersion":"6000.6.0f1 (f7f8ed4d1e24)","branch":"6000.6/respin/6000.6.0f1-fa21a270ab12","buildType":"Release","platform":"Windows"}
Worker ready: AssetImportWorkerHW0 0
Scanning for USB devices : 1.318ms
Scanning for USB devices : 0.832ms
Scanning for USB devices : 0.719ms
Scanning for USB devices : 0.938ms
Scanning for USB devices : 0.850ms
Asset Pipeline Refresh (id=320a263137a18514d8d3085d64ffb448): Total: 0.082 seconds - Initiated by RefreshV2(AllowForceSynchronousImport)
Start Indexing on Editor startup
[Indexing] Starting Initial Indexing for Assets
Created GICache directory at C:/Users/cesar/AppData/LocalLow/Unity/Caches/GiCache. Took: 0.071s, timestamps: [15.413 - 15.484]
[Licensing::Client] Successfully resolved entitlement details
[Licensing::Client] Successfully resolved entitlement details
[Licensing::Client] Successfully updated the access token
[Licensing::Module] Successfully updated access token: "KX64UgjO"... (expires: 2026-09-29T02:45:18Z)
[Licensing::Client] Successfully resolved entitlement details
MonoPathRemapper: Attempts to remap: 5776; Successful remaps: 1170
Serialized file version minimum: 23, current 23
[LAYOUT] About to save layout C:\Users\cesar\Downloads\prueba\prueba\UserSettings\Layouts\default-6000.dwlt
[LAYOUT] About to save layout C:/Users/cesar/AppData/Roaming/Unity/Editor-5.x/Preferences\Layouts\current\default-6000.dwlt
[Physics::Module] Cleanup current backend.
[Physics::Module] Id: 0xf2b8ea05
Input System module state changed to: ShutdownInProgress.
Input Polling Thread exited.
Input System module state changed to: Shutdown.
[Licensing::IpcConnector] LicenseClient-cesar-notifications channel disconnected successfully.
[Licensing::IpcConnector] LicenseClient-cesar channel disconnected successfully.
Lingering sessions upon destruction of worker manager
Unity Data Store service was successfully shut down
UDS shutting down local client system
Shut down UDS service system complete
AcceleratorClientConnectionCallback - disconnected - :0
Cleanup mono
CodeReloadManager destroyed
abort_threads: Failed aborting id: 0000000000004198, mono_thread_manage will ignore it

abort_threads: Failed aborting id: 00000000000041C4, mono_thread_manage will ignore it

abort_threads: Failed aborting id: 0000000000004198, mono_thread_manage will ignore it

abort_threads: Failed aborting id: 00000000000041C4, mono_thread_manage will ignore it

debugger-agent: Unable to listen on 3508
Checking for leaked weakptr:
  Found no leaked weakptrs.
[Package Manager] Server process was shutdown
##utp:{"type":"MemoryLeaks","version":2,"phase":"Immediate","time":1790642926188,"processId":16444,"allocatedMemory":11230003,"memoryLabels":[{"Default":167269},{"Permanent":15516},{"NewDelete":71081},{"Thread":4197944},{"Manager":31269},{"VertexData":8},{"Geometry":816},{"Texture":24},{"Shader":846307},{"Material":24},{"GfxDevice":55968},{"Animation":952},{"Audio":984},{"FreeType":8},{"FontEngine":736},{"Physics":1970},{"Physics2D":16},{"Serialization":16704},{"Input":42840},{"JobScheduler":256},{"TextLib":22516},{"Mono":48},{"ScriptingNativeRuntime":1210712},{"BaseObject":49520},{"Resource":1208},{"Renderer":2376},{"Transform":4685},{"File":4416},{"WebCam":616},{"Culling":32},{"Terrain":11442},{"Wind":24},{"STL":40},{"String":431724},{"StaticString":3808},{"Utility":2673882},{"Curl":48},{"PoolAlloc":2168},{"AI":80},{"TypeTree":14869},{"ScriptManager":12640},{"CodeReload":448},{"RuntimeInitializeOnLoadManager":64},{"Sprites":102},{"SpriteAtlas":120},{"GI":7816},{"Director":8296},{"CloudService":7440},{"WebRequest":552},{"VR":49650},{"SceneManager":608},{"Video":208},{"LazyScriptCache":32},{"Camera":1985},{"Secure":265},{"SerializationCache":9256},{"APIUpdating":10320},{"Subsystems":336},{"VirtualTexturing":57888},{"StaticSafetyDebugInfo":278528},{"Analytics":592},{"Hierarchy":1188},{"UIElements":40},{"CoreStats":14456},{"Identifiers":7152},{"Gui":267705},{"EditorUtility":140000},{"VersionControl":8},{"Undo":931},{"AssetDatabase":412249},{"AssetImporter":40},{"EditorGi":328},{"UnityConnect":36917},{"Upm":1988},{"UpmDiagnostics":8},{"AssetCompliance":96},{"DrivenProperties":72},{"LocalIPC":211},{"ProfilerEditor":9746},{"CoreBusinessMetrics":3600},{"Windowing":456},{"Licensing":696},{"AssetReference":32},{"IPCStream":32}]}
