[2026-09-29T00:50:29.655Z][INFO] Command-line: 'C:\\Program Files\\Unity\\Hub\\Editor\\6000.6.0f1\\Editor\\Data\\Resources\\PackageManager\\Server\\UnityPackageManager.exe' server -s 3192 --ipc-path Unity-Upm-3192 -l 2 --log-file C:\\Users\\cesar\\Downloads\\prueba\\prueba/Logs/upm.log
[2026-09-29T00:50:29.720Z][INFO] IPC server started (IPC path=Unity-Upm-3192).
[2026-09-29T00:50:29.720Z][INFO] Hint: To connect to this UPM instance, launch Unity with the command-line parameter -upmIpcPath Upm-3192.
[2026-09-29T00:50:32.406Z][INFO] project:list-packages <-- Request received
params: {}
[2026-09-29T00:50:32.676Z][INFO] project:list-packages --> 200 (270 ms)
[2026-09-29T00:50:32.777Z][INFO] config:project:get-registries <-- Request received
params: {}
[2026-09-29T00:50:32.787Z][INFO] config:project:get-registries --> 200 (10 ms)
[2026-09-29T00:50:32.828Z][INFO] project:list-packages <-- Request received
params: {}
[2026-09-29T00:50:32.973Z][INFO] project:list-packages --> 200 (144 ms)
[2026-09-29T00:50:36.852Z][INFO] project:list-packages <-- Request received
params: {}
[2026-09-29T00:50:36.941Z][INFO] project:list-packages <-- Request received
params: {}
[2026-09-29T00:50:36.987Z][INFO] project:list-packages --> 200 (134 ms)
[2026-09-29T00:50:37.063Z][INFO] config:project:get-registries <-- Request received
params: {}
[2026-09-29T00:50:37.071Z][INFO] project:list-packages --> 200 (131 ms)
[2026-09-29T00:50:37.073Z][INFO] config:project:get-registries --> 200 (10 ms)
[2026-09-29T00:50:39.612Z][INFO] project:list-packages <-- Request received
params: {}
[2026-09-29T00:50:39.714Z][INFO] project:list-packages --> 200 (102 ms)
[2026-09-29T00:50:41.668Z][INFO] project:list-packages <-- Request received
params: {}
[2026-09-29T00:50:42.298Z][INFO] project:list-packages --> 200 (630 ms)
